127.0.0.1 - - [14/Jan/2024:14:46:00 +0900] "GET / HTTP/1.1" 404 807
0:0:0:0:0:0:0:1 - - [14/Jan/2024:14:46:11 +0900] "GET /ch2/ HTTP/1.1" 200 180
0:0:0:0:0:0:0:1 - - [14/Jan/2024:14:46:11 +0900] "GET /favicon.ico HTTP/1.1" 404 818
0:0:0:0:0:0:0:1 - - [14/Jan/2024:14:46:29 +0900] "GET /ch2/el.jsp HTTP/1.1" 500 2827
0:0:0:0:0:0:0:1 - - [14/Jan/2024:14:48:46 +0900] "GET /ch2/el.jsp HTTP/1.1" 200 720
127.0.0.1 - - [14/Jan/2024:16:33:44 +0900] "GET / HTTP/1.1" 404 807
0:0:0:0:0:0:0:1 - - [14/Jan/2024:16:34:01 +0900] "GET /ch2/el.jsp HTTP/1.1" 200 720
0:0:0:0:0:0:0:1 - - [14/Jan/2024:16:34:04 +0900] "GET /ch2/el.jsp HTTP/1.1" 200 720
127.0.0.1 - - [14/Jan/2024:17:32:33 +0900] "GET / HTTP/1.1" 404 807
0:0:0:0:0:0:0:1 - - [14/Jan/2024:17:32:49 +0900] "GET /ch2 HTTP/1.1" 302 -
0:0:0:0:0:0:0:1 - - [14/Jan/2024:17:32:49 +0900] "GET /ch2/ HTTP/1.1" 200 180
127.0.0.1 - - [14/Jan/2024:17:34:25 +0900] "GET / HTTP/1.1" 404 807
0:0:0:0:0:0:0:1 - - [14/Jan/2024:17:34:25 +0900] "GET /ch2/ HTTP/1.1" 200 196
0:0:0:0:0:0:0:1 - - [14/Jan/2024:17:34:29 +0900] "GET /ch2/ HTTP/1.1" 200 196
0:0:0:0:0:0:0:1 - - [14/Jan/2024:17:35:33 +0900] "GET /ch2/requestParam HTTP/1.1" 404 721
0:0:0:0:0:0:0:1 - - [14/Jan/2024:17:36:17 +0900] "GET /ch2/requestParam HTTP/1.1" 404 721
127.0.0.1 - - [14/Jan/2024:17:37:15 +0900] "GET / HTTP/1.1" 404 807
0:0:0:0:0:0:0:1 - - [14/Jan/2024:17:37:19 +0900] "GET /ch2/requestParam HTTP/1.1" 200 116
0:0:0:0:0:0:0:1 - - [14/Jan/2024:17:38:21 +0900] "GET /ch2/requestParam HTTP/1.1" 200 129
0:0:0:0:0:0:0:1 - - [14/Jan/2024:17:38:38 +0900] "GET /ch2/requestParam HTTP/1.1" 200 138
0:0:0:0:0:0:0:1 - - [14/Jan/2024:17:38:44 +0900] "GET /ch2/requestParam?year HTTP/1.1" 200 134
0:0:0:0:0:0:0:1 - - [14/Jan/2024:17:41:21 +0900] "GET /ch2/requestParam8 HTTP/1.1" 200 138
0:0:0:0:0:0:0:1 - - [14/Jan/2024:17:44:19 +0900] "GET /ch2/requestParam8?year HTTP/1.1" 200 181
0:0:0:0:0:0:0:1 - - [14/Jan/2024:17:49:58 +0900] "GET /ch2/getYoilMVC HTTP/1.1" 500 4513
0:0:0:0:0:0:0:1 - - [14/Jan/2024:17:50:18 +0900] "GET /ch2/getYoilMVC HTTP/1.1" 400 843
127.0.0.1 - - [14/Jan/2024:17:52:03 +0900] "GET / HTTP/1.1" 404 807
0:0:0:0:0:0:0:1 - - [14/Jan/2024:17:52:04 +0900] "GET /ch2/getYoilMVC HTTP/1.1" 200 181
127.0.0.1 - - [14/Jan/2024:18:04:17 +0900] "GET / HTTP/1.1" 404 807
0:0:0:0:0:0:0:1 - - [14/Jan/2024:18:04:31 +0900] "GET /ch2/getYoilMVC4?year=2021&month=10&day=2 HTTP/1.1" 500 10844
0:0:0:0:0:0:0:1 - - [14/Jan/2024:18:04:48 +0900] "GET /ch2/getYoilMVC4?year=2021&month=10&day=2 HTTP/1.1" 500 10844
0:0:0:0:0:0:0:1 - - [14/Jan/2024:18:04:50 +0900] "GET /ch2/getYoilMVC4?year=2021&month=10&day=2 HTTP/1.1" 500 10844
0:0:0:0:0:0:0:1 - - [14/Jan/2024:18:05:20 +0900] "GET /ch2/getYoilMVC4?year=2021&month=10&day=2 HTTP/1.1" 500 10844
127.0.0.1 - - [14/Jan/2024:18:05:31 +0900] "GET / HTTP/1.1" 404 807
0:0:0:0:0:0:0:1 - - [14/Jan/2024:18:05:32 +0900] "GET /ch2/ HTTP/1.1" 200 195
0:0:0:0:0:0:0:1 - - [14/Jan/2024:18:05:38 +0900] "GET /ch2/getYoilMVC4?year=2021&month=10&day=2 HTTP/1.1" 500 4310
0:0:0:0:0:0:0:1 - - [14/Jan/2024:18:06:55 +0900] "GET /ch2/getYoilMVC4?year=2021&month=10&day=2 HTTP/1.1" 500 4310
0:0:0:0:0:0:0:1 - - [14/Jan/2024:18:07:00 +0900] "GET /ch2/getYoilMVC4?year=2021&month=10&day=2 HTTP/1.1" 200 148
0:0:0:0:0:0:0:1 - - [14/Jan/2024:21:01:32 +0900] "GET /ch2/getYoilMVC5?year=2021&month=10&day=2 HTTP/1.1" 404 721
127.0.0.1 - - [14/Jan/2024:21:01:50 +0900] "GET / HTTP/1.1" 404 807
0:0:0:0:0:0:0:1 - - [14/Jan/2024:21:01:53 +0900] "GET /ch2/getYoilMVC5?year=2021&month=10&day=2 HTTP/1.1" 200 148
0:0:0:0:0:0:0:1 - - [14/Jan/2024:21:10:33 +0900] "GET /ch2/getYoilMVC6?year=2021&month=10&day=aa HTTP/1.1" 404 721
127.0.0.1 - - [14/Jan/2024:21:10:40 +0900] "GET / HTTP/1.1" 404 807
0:0:0:0:0:0:0:1 - - [14/Jan/2024:21:10:43 +0900] "GET /ch2/getYoilMVC6?year=2021&month=10&day=aa HTTP/1.1" 200 181
0:0:0:0:0:0:0:1 - - [14/Jan/2024:21:11:09 +0900] "GET /ch2/getYoilMVC6?year=2021&month=10&day=aa HTTP/1.1" 200 181
0:0:0:0:0:0:0:1 - - [14/Jan/2024:21:11:11 +0900] "GET /ch2/getYoilMVC6?year=2021&month=10&day=aa HTTP/1.1" 200 181
0:0:0:0:0:0:0:1 - - [14/Jan/2024:21:11:15 +0900] "GET /ch2/getYoilMVC6?year=2021&month=10&day=aa HTTP/1.1" 500 5069
0:0:0:0:0:0:0:1 - - [14/Jan/2024:21:12:29 +0900] "GET /ch2/getYoilMVC6?year=2021&month=10&day=aa HTTP/1.1" 200 181
0:0:0:0:0:0:0:1 - - [14/Jan/2024:21:16:25 +0900] "GET /ch2/getYoilMVC6?year=2021&month=10&day=aa HTTP/1.1" 200 181
0:0:0:0:0:0:0:1 - - [14/Jan/2024:21:16:26 +0900] "GET /ch2/getYoilMVC6?year=2021&month=10&day=aa HTTP/1.1" 200 181
